usage: train.py [-h]
                [--task {torder,torder3,add,mul,mem,perm}]
                [--model {rnn,gru}]
                [--init {sigmoid,basic_tanh,smart_tanh,test}]
                [--nhid NHID]
                [--seed SEED]
                [--alpha ALPHA]
                [--lr LR]
                [--min_length MIN_LENGTH]
                [--max_length MAX_LENGTH]
                [--bs BS] [--ebs EBS]
                [--cbs CBS]
                [--checkFreq CHECKFREQ]
                [--collectDiags]
                [--diagBins DIAGBINS]
                [--satThresh SATTHRESH]
                [--diagGates]
                [--bound BOUND]
                [--err_abs ERR_ABS]
                [--valid_seed VALID_SEED]
                [--clipstyle {rescale,nothing}]
                [--cutoff CUTOFF]
                [--maxiters MAXITERS]
                [--saveFreq SAVEFREQ]
                [--name NAME]
                [--memvalues MEMVALUES]
                [--mempos MEMPOS]
                [--memall]
                [--device {cpu,cuda}]
train.py: error: argument --device: expected one argument
